
> scamshield-client@1.0.0 dev
> vite

1:42:13 AM [vite] (client) Re-optimizing dependencies because lockfile has changed

  VITE v8.3.0  ready in 187 ms

  ➜  Local:   http://localhost:5173/
  ➜  Network: use --host to expose
1:44:38 AM [vite] (client) [console.warn] StreamMiddleware - Unknown response id "3968044201"
1:44:38 AM [vite] (client) [console.warn] StreamMiddleware - Unknown response id "3968044202"
1:44:38 AM [vite] (client) [console.warn] StreamMiddleware - Unknown response id "3542446649"
1:44:38 AM [vite] (client) [console.warn] StreamMiddleware - Unknown response id "3542446650"
1:44:38 AM [vite] (client) [console.warn] StreamMiddleware - Unknown response id "3968044201"
1:44:38 AM [vite] (client) [console.warn] StreamMiddleware - Unknown response id "3968044201"
1:44:38 AM [vite] (client) [console.warn] StreamMiddleware - Unknown response id "3968044202"
1:44:38 AM [vite] (client) [console.warn] StreamMiddleware - Unknown response id "3968044202"
1:44:38 AM [vite] (client) [console.warn] StreamMiddleware - Unknown response id "3542446649"
1:44:38 AM [vite] (client) [console.warn] StreamMiddleware - Unknown response id "3542446649"
1:44:38 AM [vite] (client) [console.warn] StreamMiddleware - Unknown response id "3542446650"
1:44:38 AM [vite] (client) [console.warn] StreamMiddleware - Unknown response id "3542446650"
2:31:43 AM [vite] (client) [console.warn] StreamMiddleware - Unknown response id "400149009"
2:31:43 AM [vite] (client) [console.warn] StreamMiddleware - Unknown response id "400149010"
2:31:43 AM [vite] (client) [console.warn] StreamMiddleware - Unknown response id "2031920253"
2:31:43 AM [vite] (client) [console.warn] StreamMiddleware - Unknown response id "2031920254"
2:31:43 AM [vite] (client) [console.warn] StreamMiddleware - Unknown response id "400149009"
2:31:43 AM [vite] (client) [console.warn] StreamMiddleware - Unknown response id "400149009"
2:31:43 AM [vite] (client) [console.warn] StreamMiddleware - Unknown response id "400149010"
2:31:43 AM [vite] (client) [console.warn] StreamMiddleware - Unknown response id "400149010"
2:31:43 AM [vite] (client) [console.warn] StreamMiddleware - Unknown response id "2031920253"
2:31:43 AM [vite] (client) [console.warn] StreamMiddleware - Unknown response id "2031920253"
2:31:43 AM [vite] (client) [console.warn] StreamMiddleware - Unknown response id "2031920254"
2:31:43 AM [vite] (client) [console.warn] StreamMiddleware - Unknown response id "2031920254"
